Release 14.7 - xst P.20131013 (nt64)
Copyright (c) 1995-2013 Xilinx, Inc.  All rights reserved.
--> Parameter TMPDIR set to xst/projnav.tmp


Total REAL time to Xst completion: 0.00 secs
Total CPU time to Xst completion: 0.07 secs
 
--> Parameter xsthdpdir set to xst


Total REAL time to Xst completion: 0.00 secs
Total CPU time to Xst completion: 0.07 secs
 
--> Reading design: b2s.prj

TABLE OF CONTENTS
  1) Synthesis Options Summary
  2) HDL Parsing
  3) HDL Elaboration
  4) HDL Synthesis
       4.1) HDL Synthesis Report
  5) Advanced HDL Synthesis
       5.1) Advanced HDL Synthesis Report
  6) Low Level Synthesis
  7) Partition Report
  8) Design Summary
       8.1) Primitive and Black Box Usage
       8.2) Device utilization summary
       8.3) Partition Resource Summary
       8.4) Timing Report
            8.4.1) Clock Information
            8.4.2) Asynchronous Control Signals Information
            8.4.3) Timing Summary
            8.4.4) Timing Details
            8.4.5) Cross Clock Domains Report


=========================================================================
*                      Synthesis Options Summary                        *
=========================================================================
---- Source Parameters
Input File Name                    : "b2s.prj"
Ignore Synthesis Constraint File   : NO

---- Target Parameters
Output File Name                   : "b2s"
Output Format                      : NGC
Target Device                      : xc6slx9-3-tqg144

---- Source Options
Top Module Name                    : b2s
Automatic FSM Extraction           : YES
FSM Encoding Algorithm             : Auto
Safe Implementation                : No
FSM Style                          : LUT
RAM Extraction                     : Yes
RAM Style                          : Auto
ROM Extraction                     : Yes
Shift Register Extraction          : YES
ROM Style                          : Auto
Resource Sharing                   : YES
Asynchronous To Synchronous        : NO
Shift Register Minimum Size        : 2
Use DSP Block                      : Auto
Automatic Register Balancing       : No

---- Target Options
LUT Combining                      : Auto
Reduce Control Sets                : Auto
Add IO Buffers                     : YES
Global Maximum Fanout              : 100000
Add Generic Clock Buffer(BUFG)     : 16
Register Duplication               : YES
Optimize Instantiated Primitives   : NO
Use Clock Enable                   : Auto
Use Synchronous Set                : Auto
Use Synchronous Reset              : Auto
Pack IO Registers into IOBs        : Auto
Equivalent register Removal        : YES

---- General Options
Optimization Goal                  : Speed
Optimization Effort                : 1
Power Reduction                    : NO
Keep Hierarchy                     : No
Netlist Hierarchy                  : As_Optimized
RTL Output                         : Yes
Global Optimization                : AllClockNets
Read Cores                         : YES
Write Timing Constraints           : NO
Cross Clock Analysis               : NO
Hierarchy Separator                : /
Bus Delimiter                      : <>
Case Specifier                     : Maintain
Slice Utilization Ratio            : 100
BRAM Utilization Ratio             : 100
DSP48 Utilization Ratio            : 100
Auto BRAM Packing                  : NO
Slice Utilization Ratio Delta      : 5

=========================================================================


=========================================================================
*                          HDL Parsing                                  *
=========================================================================
Analyzing Verilog file "D:\CE\2-1\01076006 Digital System Fundamentals\Lab\Lab5-2\b2s.vf" into library work
Parsing module <FJKP_HXILINX_b2s>.
Parsing module <b2s>.

=========================================================================
*                            HDL Elaboration                            *
=========================================================================

Elaborating module <b2s>.

Elaborating module <FJKP_HXILINX_b2s>.

Elaborating module <AND2>.

Elaborating module <OR2>.

Elaborating module <INV>.

=========================================================================
*                           HDL Synthesis                               *
=========================================================================

Synthesizing Unit <b2s>.
    Related source file is "D:\CE\2-1\01076006 Digital System Fundamentals\Lab\Lab5-2\b2s.vf".
    Set property "HU_SET = FF_A_0" for instance <FF_A>.
    Set property "HU_SET = FF_B_1" for instance <FF_B>.
    Set property "HU_SET = FF_C_2" for instance <FF_C>.
    Summary:
	no macro.
Unit <b2s> synthesized.

Synthesizing Unit <FJKP_HXILINX_b2s>.
    Related source file is "D:\CE\2-1\01076006 Digital System Fundamentals\Lab\Lab5-2\b2s.vf".
        INIT = 1'b1
    Found 1-bit register for signal <Q>.
    Summary:
	inferred   1 D-type flip-flop(s).
	inferred   2 Multiplexer(s).
Unit <FJKP_HXILINX_b2s> synthesized.

=========================================================================
HDL Synthesis Report

Macro Statistics
# Registers                                            : 3
 1-bit register                                        : 3
# Multiplexers                                         : 6
 1-bit 2-to-1 multiplexer                              : 6

=========================================================================

=========================================================================
*                       Advanced HDL Synthesis                          *
=========================================================================


=========================================================================
Advanced HDL Synthesis Report

Macro Statistics
# Registers                                            : 3
 Flip-Flops                                            : 3
# Multiplexers                                         : 6
 1-bit 2-to-1 multiplexer                              : 6

=========================================================================

=========================================================================
*                         Low Level Synthesis                           *
=========================================================================

Optimizing unit <b2s> ...

Optimizing unit <FJKP_HXILINX_b2s> ...

Mapping all equations...
Building and optimizing final netlist ...
Found area constraint ratio of 100 (+ 5) on block b2s, actual ratio is 0.

Final Macro Processing ...

=========================================================================
Final Register Report

Macro Statistics
# Registers                                            : 3
 Flip-Flops                                            : 3

=========================================================================

=========================================================================
*                           Partition Report                            *
=========================================================================

Partition Implementation Status
-------------------------------

  No Partitions were found in this design.

-------------------------------

=========================================================================
*                            Design Summary                             *
=========================================================================

Top Level Output File Name         : b2s.ngc

Primitive and Black Box Usage:
------------------------------
# BELS                             : 22
#      AND2                        : 6
#      INV                         : 6
#      LUT2                        : 1
#      LUT3                        : 3
#      OR2                         : 6
# FlipFlops/Latches                : 3
#      FDP                         : 2
#      FDPE                        : 1
# Clock Buffers                    : 1
#      BUFGP                       : 1
# IO Buffers                       : 10
#      IBUF                        : 2
#      OBUF                        : 8

Device utilization summary:
---------------------------

Selected Device : 6slx9tqg144-3 


Slice Logic Utilization: 
 Number of Slice Registers:               3  out of  11440     0%  
 Number of Slice LUTs:                   10  out of   5720     0%  
    Number used as Logic:                10  out of   5720     0%  

Slice Logic Distribution: 
 Number of LUT Flip Flop pairs used:     13
   Number with an unused Flip Flop:      10  out of     13    76%  
   Number with an unused LUT:             3  out of     13    23%  
   Number of fully used LUT-FF pairs:     0  out of     13     0%  
   Number of unique control sets:         3

IO Utilization: 
 Number of IOs:                          11
 Number of bonded IOBs:                  11  out of    102    10%  

Specific Feature Utilization:
 Number of BUFG/BUFGCTRLs:                1  out of     16     6%  

---------------------------
Partition Resource Summary:
---------------------------

  No Partitions were found in this design.

---------------------------


=========================================================================
Timing Report

NOTE: THESE TIMING NUMBERS ARE ONLY A SYNTHESIS ESTIMATE.
      FOR ACCURATE TIMING INFORMATION PLEASE REFER TO THE TRACE REPORT
      GENERATED AFTER PLACE-and-ROUTE.

Clock Information:
------------------
-----------------------------------+------------------------+-------+
Clock Signal                       | Clock buffer(FF name)  | Load  |
-----------------------------------+------------------------+-------+
Clock                              | BUFGP                  | 3     |
-----------------------------------+------------------------+-------+

Asynchronous Control Signals Information:
----------------------------------------
No asynchronous control signals found in this design

Timing Summary:
---------------
Speed Grade: -3

   Minimum period: 2.731ns (Maximum Frequency: 366.220MHz)
   Minimum input arrival time before clock: 3.145ns
   Maximum output required time after clock: 7.287ns
   Maximum combinational path delay: 5.654ns

Timing Details:
---------------
All values displayed in nanoseconds (ns)

=========================================================================
Timing constraint: Default period analysis for Clock 'Clock'
  Clock period: 2.731ns (frequency: 366.220MHz)
  Total number of paths / destination ports: 9 / 3
-------------------------------------------------------------------------
Delay:               2.731ns (Levels of Logic = 3)
  Source:            FF_A/Q (FF)
  Destination:       FF_C/Q (FF)
  Source Clock:      Clock rising
  Destination Clock: Clock rising

  Data Path: FF_A/Q to FF_C/Q
                                Gate     Net
    Cell:in->out      fanout   Delay   Delay  Logical Name (Net Name)
    ----------------------------------------  ------------
     FDPE:C->Q             9   0.447   1.174  Q (Q)
     end scope: 'FF_A:Q'
     AND2:I1->O            1   0.223   0.580  XLXI_18 (XLXN_14)
     begin scope: 'FF_C:J'
     LUT3:I2->O            1   0.205   0.000  Q_rstpot (Q_rstpot)
     FDP:D                     0.102          Q
    ----------------------------------------
    Total                      2.731ns (0.977ns logic, 1.754ns route)
                                       (35.8% logic, 64.2% route)

=========================================================================
Timing constraint: Default OFFSET IN BEFORE for Clock 'Clock'
  Total number of paths / destination ports: 7 / 5
-------------------------------------------------------------------------
Offset:              3.145ns (Levels of Logic = 3)
  Source:            Set_1 (PAD)
  Destination:       FF_A/Q (FF)
  Destination Clock: Clock rising

  Data Path: Set_1 to FF_A/Q
                                Gate     Net
    Cell:in->out      fanout   Delay   Delay  Logical Name (Net Name)
    ----------------------------------------  ------------
     IBUF:I->O             5   1.222   0.819  Set_1_IBUF (Set_1_IBUF)
     begin scope: 'FF_A:J'
     LUT2:I0->O            1   0.203   0.579  _n0008_inv1 (_n0008_inv)
     FDPE:CE                   0.322          Q
    ----------------------------------------
    Total                      3.145ns (1.747ns logic, 1.398ns route)
                                       (55.6% logic, 44.4% route)

=========================================================================
Timing constraint: Default OFFSET OUT AFTER for Clock 'Clock'
  Total number of paths / destination ports: 17 / 7
-------------------------------------------------------------------------
Offset:              7.287ns (Levels of Logic = 5)
  Source:            FF_C/Q (FF)
  Destination:       a_7seg (PAD)
  Source Clock:      Clock rising

  Data Path: FF_C/Q to a_7seg
                                Gate     Net
    Cell:in->out      fanout   Delay   Delay  Logical Name (Net Name)
    ----------------------------------------  ------------
     FDP:C->Q              9   0.447   0.829  Q (Q)
     end scope: 'FF_C:Q'
     INV:I->O              1   0.568   0.924  XLXI_30 (XLXN_26)
     AND2:I1->O            1   0.223   0.924  XLXI_20 (XLXN_24)
     OR2:I1->O             1   0.223   0.579  XLXI_36 (a_7seg_OBUF)
     OBUF:I->O                 2.571          a_7seg_OBUF (a_7seg)
    ----------------------------------------
    Total                      7.287ns (4.032ns logic, 3.255ns route)
                                       (55.3% logic, 44.7% route)

=========================================================================
Timing constraint: Default path analysis
  Total number of paths / destination ports: 1 / 1
-------------------------------------------------------------------------
Delay:               5.654ns (Levels of Logic = 3)
  Source:            Set_1 (PAD)
  Destination:       KCom_7seg (PAD)

  Data Path: Set_1 to KCom_7seg
                                Gate     Net
    Cell:in->out      fanout   Delay   Delay  Logical Name (Net Name)
    ----------------------------------------  ------------
     IBUF:I->O             5   1.222   0.714  Set_1_IBUF (Set_1_IBUF)
     INV:I->O              1   0.568   0.579  XLXI_51 (KCom_7seg_OBUF)
     OBUF:I->O                 2.571          KCom_7seg_OBUF (KCom_7seg)
    ----------------------------------------
    Total                      5.654ns (4.361ns logic, 1.293ns route)
                                       (77.1% logic, 22.9% route)

=========================================================================

Cross Clock Domains Report:
--------------------------

Clock to Setup on destination clock Clock
---------------+---------+---------+---------+---------+
               | Src:Rise| Src:Fall| Src:Rise| Src:Fall|
Source Clock   |Dest:Rise|Dest:Rise|Dest:Fall|Dest:Fall|
---------------+---------+---------+---------+---------+
Clock          |    2.731|         |         |         |
---------------+---------+---------+---------+---------+

=========================================================================


Total REAL time to Xst completion: 4.00 secs
Total CPU time to Xst completion: 3.84 secs
 
--> 

Total memory usage is 4495236 kilobytes

Number of errors   :    0 (   0 filtered)
Number of warnings :    0 (   0 filtered)
Number of infos    :    0 (   0 filtered)

